[www.heerekarlaw.com/index.html]
[backblue.gif]
[fade.gif]
[index.html]
[www.heerekarlaw.com/common/usc/p/video.js]
[www.heerekarlaw.com/cms/svg/site/zr4cl296wmv.36.2405141403089.svg]
[www.heerekarlaw.com/images/Logo.2211020821178.png]
[www.heerekarlaw.com/images/Logo2.2211020821178.png]
[www.heerekarlaw.com/cms/svg/site/zr4cl296wmv.24.2405141403088.svg]
[www.heerekarlaw.com/about-us/hari-heerekar/index.html]
[www.heerekarlaw.com/site-search/index.html]
[www.heerekarlaw.com/about-us/index.html]
[www.heerekarlaw.com/cms/svg/site/zr4cl296wmv.24.2407011709424.svg]
[www.heerekarlaw.com/practice-areas/index.html]
[www.heerekarlaw.com/testimonials/index.html]
[www.heerekarlaw.com/practice-areas/asylum/index.html]
[www.heerekarlaw.com/resources/index.html]
[www.heerekarlaw.com/blog/index.html]
[www.heerekarlaw.com/cms/thumbnails/00/350x350/images/asylum.2211031229306.6.delayed]
[www.heerekarlaw.com/blog/2024/index.html]
[www.heerekarlaw.com/blog/2024/june/index.html]
[www.heerekarlaw.com/blog/2023/index.html]
[www.heerekarlaw.com/cms/thumbnails/00/410x445/images/asylum.2211031229306.jpg]
[www.heerekarlaw.com/blog/2023/october/index.html]
[www.heerekarlaw.com/blog/2023/february/index.html]
[www.heerekarlaw.com/blog/2016/index.html]
[www.heerekarlaw.com/cms/svg/site/icon_linkedin.36.2407011709428.svg]
[www.heerekarlaw.com/blog/2016/november/index.html]
[www.heerekarlaw.com/contact-us/index.html]
[www.heerekarlaw.com/cms/svg/site/icon_facebook.36.2407011709428.svg]
[www.heerekarlaw.com/cms/svg/site/icon_twitter.36.2407011709430.svg]
[www.heerekarlaw.com/includes/high-res.css]
[www.heerekarlaw.com/site-map/index.html]
[www.heerekarlaw.com/privacy-policy/index.html]
[www.heerekarlaw.com/cms/includes/hka9yxgqjho.2303291206316.css]
[www.heerekarlaw.com/cms/includes/zhmfyyemg2g.2405140701286.js]
[analytics.scorpion.co/sa.js]
[www.heerekarlaw.com/index.html]
[www.heerekarlaw.com/common/index.html]
[www.heerekarlaw.com/cms/index.html]
[www.heerekarlaw.com/common/usc/js/index.html]
[www.heerekarlaw.com/admin/index.html]
[www.heerekarlaw.com/usc/index.html]
[www.heerekarlaw.com/site-search/index.html]
[www.heerekarlaw.com/cms/svg/site/zr4cl296wmv.36.2407011706189.svg]
[www.heerekarlaw.com/images/awards/unnamed-1.2210311331243.png]
[www.heerekarlaw.com/images/awards/1200px-CalBarSeal.svg.2210311332161.png]
[www.heerekarlaw.com/images/awards/Seal_of_the_United_States_Court_of_Appeals_for_the_Ninth_Circuit.svg.2211161539552.png]
[www.heerekarlaw.com/images/awards/5f3eccd9dd149e13f21d1a23_USC_Gould_logo.2211160015187.png]
[www.heerekarlaw.com/cms/includes/lgjfh0jz1hy.2303291206316.css]
[www.heerekarlaw.com/cms/includes/0abaazcyf3o.2405140701286.js]
[www.heerekarlaw.com/about-us/index.html]
[www.heerekarlaw.com/images/staff/WhatsApp-Image-2021-11-05-at-8.59.15-AM-1-e1636668025996.jpg]
[www.heerekarlaw.com/cms/includes/nx9wsj9mmcf.2303291206316.css]
[www.heerekarlaw.com/about-us/hari-heerekar/index.html]
[www.heerekarlaw.com/cms/includes/ssppo3g2ha0.2406121109147.js]
[www.heerekarlaw.com/cms/includes/kabkdikw152.2303291206316.css]
[www.heerekarlaw.com/practice-areas/index.html]
[www.heerekarlaw.com/cms/includes/t0jk4w9upwa.2405140701286.js]
[www.heerekarlaw.com/practice-areas/citizenship/index.html]
[www.heerekarlaw.com/practice-areas/adjustment-of-status/index.html]
[www.heerekarlaw.com/practice-areas/family-petitions/index.html]
[www.heerekarlaw.com/cms/includes/o6tg0otxcrc.2303291206316.css]
[www.heerekarlaw.com/practice-areas/deportation-cancellation-of-removal/index.html]
[www.heerekarlaw.com/practice-areas/u-visa/index.html]
[www.heerekarlaw.com/practice-areas/vawa/index.html]
[www.heerekarlaw.com/cms/includes/9vwr6386w_t.2405140701286.js]
[www.heerekarlaw.com/practice-areas/asylum/index.html]
[www.heerekarlaw.com/cms/includes/2_zy4cpyo5a.2303291206316.css]
[www.heerekarlaw.com/testimonials/index.html]
[www.heerekarlaw.com/cms/includes/1jbyjy6g09u.2406121109147.js]
[www.heerekarlaw.com/cms/includes/n9v1h3ubh39.2303291206316.css]
[www.heerekarlaw.com/resources/index.html]
[www.heerekarlaw.com/cms/includes/0v18lnj2x6z.2404161018217.js]
[www.heerekarlaw.com/cms/thumbnails/34/534x450/images/blog/iStock-1410166189.2310130632099.jpg]
[www.heerekarlaw.com/blog/2024/june/president-biden-s-executive-action-and-its-impac/index.html]
[www.heerekarlaw.com/cms/thumbnails/34/534x450/images/blog/H-1b-visa-image.2302071403034.png]
[www.heerekarlaw.com/blog/2023/october/asylum-seekers-your-work-permit-is-now-granted-f/index.html]
[www.heerekarlaw.com/cms/thumbnails/34/534x450/images/blog/cropped-unnamed.2210311337183.jpg]
[www.heerekarlaw.com/blog/2023/february/vulnerabilities-facing-h-1b-visa-holders-in-a-de/index.html]
[www.heerekarlaw.com/cms/thumbnails/34/534x450/images/blog/general-terms-and-conditions-law-service-5238384-1024x682.2210311339047.jpg]
[www.heerekarlaw.com/blog/2016/november/how-an-asylum-lawyer-can-help-you-prepare-for-yo/index.html]
[www.heerekarlaw.com/blog/2016/november/us-asylum-laws/index.html]
[www.heerekarlaw.com/cms/includes/7wi_zxm6ts9.2303291206316.css]
[www.heerekarlaw.com/blog/index.html]
[www.heerekarlaw.com/blog/2024/index.html]
[www.heerekarlaw.com/cms/includes/q9o4g_6p76e.2406121109147.js]
[www.heerekarlaw.com/blog/2024/june/index.html]
[www.heerekarlaw.com/cms/thumbnails/34/1100x450/images/blog/iStock-1410166189.2310130632099.jpg]
[www.heerekarlaw.com/blog/2023/index.html]
[www.heerekarlaw.com/blog/2023/october/index.html]
[www.heerekarlaw.com/cms/thumbnails/34/1100x450/images/blog/H-1b-visa-image.2302071403034.2a.delayed]
[www.heerekarlaw.com/blog/2023/february/index.html]
[www.heerekarlaw.com/cms/thumbnails/34/1100x450/images/blog/cropped-unnamed.2210311337183.jpg]
[www.heerekarlaw.com/blog/2016/index.html]
[www.heerekarlaw.com/blog/2016/november/index.html]
[www.heerekarlaw.com/cms/includes/pc1lqww81hv.2303291206316.css]
[www.heerekarlaw.com/cms/includes/asy0lbowfan.2404161018217.js]
[www.heerekarlaw.com/contact-us/index.html]
[www.heerekarlaw.com/cms/includes/_f2n0ndfo5m.2303291206316.css]
[www.heerekarlaw.com/scorpion-scheduling/index.html]
[www.heerekarlaw.com/site-map/index.html]
[www.heerekarlaw.com/privacy-policy/index.html]
[www.heerekarlaw.com/cms/includes/fn0b0hiifdv.2401161416308.js]
[www.facebook.com/tr917c]
[www.heerekarlaw.com/about-us/admin/index.html]
[www.heerekarlaw.com/about-us/usc/index.html]
[www.heerekarlaw.com/about-us/cms/index.html]
[www.heerekarlaw.com/about-us/hari-heerekar/admin/index.html]
[www.heerekarlaw.com/about-us/hari-heerekar/usc/index.html]
[www.heerekarlaw.com/about-us/hari-heerekar/cms/index.html]
[www.heerekarlaw.com/practice-areas/admin/index.html]
[www.heerekarlaw.com/practice-areas/usc/index.html]
[www.heerekarlaw.com/practice-areas/cms/index.html]
[www.heerekarlaw.com/practice-areas/adjustment-of-status/index.html]
[www.heerekarlaw.com/practice-areas/citizenship/index.html]
[www.heerekarlaw.com/practice-areas/family-petitions/index.html]
[www.heerekarlaw.com/practice-areas/deportation-cancellation-of-removal/index.html]
[www.heerekarlaw.com/practice-areas/u-visa/index.html]
[www.heerekarlaw.com/practice-areas/vawa/index.html]
[www.heerekarlaw.com/practice-areas/asylum/admin/index.html]
[www.heerekarlaw.com/practice-areas/asylum/usc/index.html]
[www.heerekarlaw.com/practice-areas/asylum/cms/index.html]
[www.heerekarlaw.com/testimonials/admin/index.html]
[www.heerekarlaw.com/testimonials/usc/index.html]
[www.heerekarlaw.com/testimonials/cms/index.html]
[www.heerekarlaw.com/resources/admin/index.html]
[www.heerekarlaw.com/resources/usc/index.html]
[www.heerekarlaw.com/resources/cms/index.html]
[www.heerekarlaw.com/blog/admin/index.html]
[www.heerekarlaw.com/blog/usc/index.html]
[www.heerekarlaw.com/blog/cms/index.html]
[www.heerekarlaw.com/cms/includes/xz7ijed4uf2.2303291206316.css]
[www.heerekarlaw.com/blog/2024/june/president-biden-s-executive-action-and-its-impac/index.html]
[www.heerekarlaw.com/cms/includes/zyt3y4h1hpy.2406101333323.js]
[www.heerekarlaw.com/images/blog/iStock-1410166189.jpg]
[www.heerekarlaw.com/cms/includes/ocsi8y125u9.2405140701286.js]
[www.heerekarlaw.com/blog/2023/october/asylum-seekers-your-work-permit-is-now-granted-f/index.html]
[www.heerekarlaw.com/blog/categories/asylum/index.html]
[www.heerekarlaw.com/images/blog/H-1b-visa-image.png]
[www.heerekarlaw.com/cms/includes/45fguvwt0aq.2405140701286.js]
[www.heerekarlaw.com/blog/2023/february/vulnerabilities-facing-h-1b-visa-holders-in-a-de/index.html]
[www.heerekarlaw.com/images/blog/cropped-unnamed.jpg]
[www.heerekarlaw.com/cms/includes/dn7fq75b7f3.2405140701286.js]
[www.heerekarlaw.com/blog/2016/november/how-an-asylum-lawyer-can-help-you-prepare-for-yo/index.html]
[www.heerekarlaw.com/images/blog/general-terms-and-conditions-law-service-5238384-1024x682.jpg]
[www.heerekarlaw.com/cms/includes/av0958fuek4.2405140701286.js]
[www.heerekarlaw.com/blog/2016/november/us-asylum-laws/index.html]
[www.heerekarlaw.com/blog/2024/admin/index.html]
[www.heerekarlaw.com/blog/2024/usc/index.html]
[www.heerekarlaw.com/blog/2024/cms/index.html]
[www.heerekarlaw.com/blog/2024/june/admin/index.html]
[www.heerekarlaw.com/blog/2024/june/usc/index.html]
[www.heerekarlaw.com/blog/2024/june/cms/index.html]
[www.heerekarlaw.com/blog/2023/admin/index.html]
[www.heerekarlaw.com/blog/2023/usc/index.html]
[www.heerekarlaw.com/blog/2023/cms/index.html]
[www.heerekarlaw.com/blog/2023/october/admin/index.html]
[www.heerekarlaw.com/blog/2023/october/usc/index.html]
[www.heerekarlaw.com/blog/2023/october/cms/index.html]
[www.heerekarlaw.com/blog/2023/february/admin/index.html]
[www.heerekarlaw.com/blog/2023/february/usc/index.html]
[www.heerekarlaw.com/blog/2023/february/cms/index.html]
[www.heerekarlaw.com/blog/2016/admin/index.html]
[www.heerekarlaw.com/blog/2016/usc/index.html]
[www.heerekarlaw.com/blog/2016/cms/index.html]
[www.heerekarlaw.com/blog/2016/november/admin/index.html]
[www.heerekarlaw.com/blog/2016/november/usc/index.html]
[www.heerekarlaw.com/blog/2016/november/cms/index.html]
[www.heerekarlaw.com/contact-us/admin/index.html]
[www.heerekarlaw.com/contact-us/usc/index.html]
[www.heerekarlaw.com/contact-us/cms/index.html]
[www.heerekarlaw.com/site-map/admin/index.html]
[www.heerekarlaw.com/site-map/usc/index.html]
[www.heerekarlaw.com/site-map/cms/index.html]
[www.heerekarlaw.com/assets/app-sys-platform-logo.2309281403444.png]
[www.heerekarlaw.com/cms/includes/7jv5givlq_g.2309190858329.css]
[www.heerekarlaw.com/cms/includes/hyhdr6x611f.2403011001506.js]
[www.heerekarlaw.com/scorpion-scheduling/index.html]
[www.heerekarlaw.com/privacy-policy/admin/index.html]
[www.heerekarlaw.com/privacy-policy/usc/index.html]
[www.heerekarlaw.com/privacy-policy/cms/index.html]
[www.heerekarlaw.com/blog/2024/june/president-biden-s-executive-action-and-its-impac/admin/index.html]
[www.heerekarlaw.com/blog/2024/june/president-biden-s-executive-action-and-its-impac/usc/index.html]
[www.heerekarlaw.com/blog/2024/june/president-biden-s-executive-action-and-its-impac/cms/index.html]
[www.heerekarlaw.com/blog/2023/october/asylum-seekers-your-work-permit-is-now-granted-f/admin/index.html]
[www.heerekarlaw.com/blog/2023/october/asylum-seekers-your-work-permit-is-now-granted-f/usc/index.html]
[www.heerekarlaw.com/blog/2023/october/asylum-seekers-your-work-permit-is-now-granted-f/cms/index.html]
[www.heerekarlaw.com/blog/categories/asylum/index.html]
[www.heerekarlaw.com/blog/2023/february/vulnerabilities-facing-h-1b-visa-holders-in-a-de/admin/index.html]
[www.heerekarlaw.com/blog/2023/february/vulnerabilities-facing-h-1b-visa-holders-in-a-de/usc/index.html]
[www.heerekarlaw.com/blog/2023/february/vulnerabilities-facing-h-1b-visa-holders-in-a-de/cms/index.html]
[www.heerekarlaw.com/blog/2016/november/how-an-asylum-lawyer-can-help-you-prepare-for-yo/admin/index.html]
[www.heerekarlaw.com/blog/2016/november/how-an-asylum-lawyer-can-help-you-prepare-for-yo/usc/index.html]
[www.heerekarlaw.com/blog/2016/november/how-an-asylum-lawyer-can-help-you-prepare-for-yo/cms/index.html]
[www.heerekarlaw.com/blog/2016/november/us-asylum-laws/admin/index.html]
[www.heerekarlaw.com/blog/2016/november/us-asylum-laws/usc/index.html]
[www.heerekarlaw.com/blog/2016/november/us-asylum-laws/cms/index.html]
[www.heerekarlaw.com/scorpion-scheduling/admin/index.html]
[www.heerekarlaw.com/scorpion-scheduling/usc/index.html]
[www.heerekarlaw.com/scorpion-scheduling/cms/index.html]
[www.heerekarlaw.com/blog/categories/asylum/admin/index.html]
[www.heerekarlaw.com/blog/categories/asylum/usc/index.html]
[www.heerekarlaw.com/blog/categories/asylum/cms/index.html]
[www.heerekarlaw.com/cms/thumbnails/00/350x350/images/asylum.2211031229306.jpg]
[analytics.scorpion.co/sa.js]
[www.heerekarlaw.com/cms/svg/site/zr4cl296wmv.36.2405141403089.svg]
[www.heerekarlaw.com/cms/thumbnails/00/410x445/images/asylum.2211031229306.jpg]
[www.heerekarlaw.com/images/Logo.2211020821178.png]
[www.heerekarlaw.com/cms/svg/site/zr4cl296wmv.24.2405141403088.svg]
[www.heerekarlaw.com/cms/includes/zhmfyyemg2g.2405140701286.js]
[www.heerekarlaw.com/cms/svg/site/zr4cl296wmv.24.2407011709424.svg]
[www.heerekarlaw.com/images/awards/1200px-CalBarSeal.svg.2210311332161.png]
[www.heerekarlaw.com/cms/svg/site/icon_linkedin.36.2407011709428.svg]
[www.heerekarlaw.com/images/awards/Seal_of_the_United_States_Court_of_Appeals_for_the_Ninth_Circuit.svg.2211161539552.png]
[www.heerekarlaw.com/cms/svg/site/icon_facebook.36.2407011709428.svg]
[www.heerekarlaw.com/images/awards/5f3eccd9dd149e13f21d1a23_USC_Gould_logo.2211160015187.png]
[www.heerekarlaw.com/cms/svg/site/icon_twitter.36.2407011709430.svg]
[www.heerekarlaw.com/cms/includes/0abaazcyf3o.2405140701286.js]
[www.heerekarlaw.com/includes/high-res.css]
[www.heerekarlaw.com/images/staff/WhatsApp-Image-2021-11-05-at-8.59.15-AM-1-e1636668025996.jpg]
[www.heerekarlaw.com/cms/includes/hka9yxgqjho.2303291206316.css]
[www.heerekarlaw.com/cms/includes/ssppo3g2ha0.2406121109147.js]
[scorpionconnect.scorpion.co/s/bootstrap.d36a10be-b4a3-2592-6041-8682de8b9fce.js]
[www.heerekarlaw.com/cms/includes/t0jk4w9upwa.2405140701286.js]
[www.heerekarlaw.com/cms/svg/site/zr4cl296wmv.36.2407011706189.svg]
[www.heerekarlaw.com/cms/includes/9vwr6386w_t.2405140701286.js]
[www.heerekarlaw.com/cms/includes/1jbyjy6g09u.2406121109147.js]
[www.heerekarlaw.com/cms/includes/lgjfh0jz1hy.2303291206316.css]
[www.heerekarlaw.com/about-us/hari-heerekar/admin/index.html]
[www.heerekarlaw.com/cms/thumbnails/34/534x450/images/blog/H-1b-visa-image.2302071403034.png]
[www.heerekarlaw.com/cms/includes/nx9wsj9mmcf.2303291206316.css]
[www.heerekarlaw.com/practice-areas/admin/index.html]
[www.heerekarlaw.com/cms/includes/0v18lnj2x6z.2404161018217.js]
[www.heerekarlaw.com/cms/includes/kabkdikw152.2303291206316.css]
[www.heerekarlaw.com/cms/thumbnails/34/534x450/images/blog/cropped-unnamed.2210311337183.jpg]
[www.heerekarlaw.com/practice-areas/asylum/admin/index.html]
[www.heerekarlaw.com/cms/thumbnails/34/1100x450/images/blog/H-1b-visa-image.2302071403034.png]
[www.heerekarlaw.com/cms/includes/o6tg0otxcrc.2303291206316.css]
[www.heerekarlaw.com/testimonials/admin/index.html]
[www.heerekarlaw.com/cms/thumbnails/34/534x450/images/blog/general-terms-and-conditions-law-service-5238384-1024x682.2210311339047.jpg]
[www.heerekarlaw.com/cms/includes/2_zy4cpyo5a.2303291206316.css]
[www.heerekarlaw.com/resources/admin/index.html]
[www.heerekarlaw.com/cms/thumbnails/34/1100x450/images/blog/iStock-1410166189.2310130632099.jpg]
[www.heerekarlaw.com/cms/includes/n9v1h3ubh39.2303291206316.css]
[www.heerekarlaw.com/blog/admin/index.html]
[www.heerekarlaw.com/cms/thumbnails/34/1100x450/images/blog/cropped-unnamed.2210311337183.jpg]
[www.heerekarlaw.com/cms/includes/q9o4g_6p76e.2406121109147.js]
[www.heerekarlaw.com/blog/2023/february/vulnerabilities-facing-h-1b-visa-holders-in-a-de/index.html]
[www.heerekarlaw.com/blog/2016/november/how-an-asylum-lawyer-can-help-you-prepare-for-yo/index.html]
[www.heerekarlaw.com/blog/2016/november/us-asylum-laws/index.html]
[www.heerekarlaw.com/cms/includes/asy0lbowfan.2404161018217.js]
[www.heerekarlaw.com/cms/includes/7wi_zxm6ts9.2303291206316.css]
[www.heerekarlaw.com/blog/2024/admin/index.html]
[www.heerekarlaw.com/blog/2023/october/admin/index.html]
[www.heerekarlaw.com/blog/2016/admin/index.html]
[www.heerekarlaw.com/blog/2016/november/admin/index.html]
[www.heerekarlaw.com/cms/includes/fn0b0hiifdv.2401161416308.js]
[www.heerekarlaw.com/cms/includes/pc1lqww81hv.2303291206316.css]
[www.heerekarlaw.com/site-map/admin/index.html]
[www.heerekarlaw.com/cms/includes/zyt3y4h1hpy.2406101333323.js]
[www.heerekarlaw.com/cms/includes/_f2n0ndfo5m.2303291206316.css]
[www.heerekarlaw.com/privacy-policy/admin/index.html]
[www.heerekarlaw.com/images/blog/iStock-1410166189.jpg]
[www.heerekarlaw.com/cms/includes/xz7ijed4uf2.2303291206316.css]
[www.heerekarlaw.com/blog/2023/october/asylum-seekers-your-work-permit-is-now-granted-f/admin/index.html]
[www.heerekarlaw.com/blog/2023/february/vulnerabilities-facing-h-1b-visa-holders-in-a-de/admin/index.html]
[www.heerekarlaw.com/blog/2016/november/how-an-asylum-lawyer-can-help-you-prepare-for-yo/admin/index.html]
[www.heerekarlaw.com/cms/includes/ocsi8y125u9.2405140701286.js]
[www.heerekarlaw.com/blog/2016/november/us-asylum-laws/admin/index.html]
[www.heerekarlaw.com/images/blog/H-1b-visa-image.png]
[www.heerekarlaw.com/cms/includes/45fguvwt0aq.2405140701286.js]
[www.heerekarlaw.com/images/blog/general-terms-and-conditions-law-service-5238384-1024x682.jpg]
[www.heerekarlaw.com/cms/includes/hyhdr6x611f.2403011001506.js]
[www.heerekarlaw.com/cms/svg/site/icon_check.24.0aa50a.svg]
[www.heerekarlaw.com/cms/svg/site/icon_accessibility_hide.36.ae0a12.svg]
[www.heerekarlaw.com/cms/includes/7jv5givlq_g.2309190858329.css]
[www.heerekarlaw.com/blog/categories/asylum/admin/index.html]
[www.heerekarlaw.com/cms/svg/site/icon_check.24.0aa50a.svg]
[www.heerekarlaw.com/cms/svg/site/icon_accessibility_hide.36.ae0a12.svg]
